]51;["call", "Tapi_Vpager_setup", ["vpager_setup", ""]]]51;["call", "Tapi_Vpager",  ["vpager", "1"]]1
