]51;["call", "Tapi_Vpager_setup", ["vpager_setup", ""]]]51;["call", "Tapi_Vpager",  ["vpager", "file1:10"]]file1:10
